
> synkkafrica-web-frontend@0.1.0 build
> next build

   ▲ Next.js 15.5.6
   - Environments: .env.local

   Creating an optimized production build ...
 ✓ Compiled successfully in 10.1s
   Linting and checking validity of types ...

Failed to compile.

./src/hooks/useNotifications.js
57:9  Error: 'socketRef' is assigned a value but never used.  @typescript-eslint/no-unused-vars
68:7  Warning: Unused eslint-disable directive (no problems were reported from 'no-console').
99:14  Error: 'err' is defined but never used.  @typescript-eslint/no-unused-vars
110:14  Error: 'err' is defined but never used.  @typescript-eslint/no-unused-vars
118:14  Error: 'err' is defined but never used.  @typescript-eslint/no-unused-vars
138:9  Warning: Unused eslint-disable directive (no problems were reported from 'no-console').

./src/lib/cloudinary.js
34:1  Warning: Assign object to a variable before exporting as module default  import/no-anonymous-default-export

./src/lib/fetchClient.js
35:12  Error: 'e' is defined but never used.  @typescript-eslint/no-unused-vars
62:18  Error: 'e' is defined but never used.  @typescript-eslint/no-unused-vars

./src/services/authService.js
323:165  Error: 'e' is defined but never used.  @typescript-eslint/no-unused-vars
351:188  Error: 'e' is defined but never used.  @typescript-eslint/no-unused-vars
393:14  Error: 'e' is defined but never used.  @typescript-eslint/no-unused-vars
427:18  Error: 'e' is defined but never used.  @typescript-eslint/no-unused-vars
472:18  Error: 'e' is defined but never used.  @typescript-eslint/no-unused-vars
507:20  Error: 'e' is defined but never used.  @typescript-eslint/no-unused-vars

./src/services/dashboardService.js
20:1  Warning: Assign object to a variable before exporting as module default  import/no-anonymous-default-export

./src/services/verification.service.js
134:14  Error: 'e' is defined but never used.  @typescript-eslint/no-unused-vars
143:14  Error: 'e' is defined but never used.  @typescript-eslint/no-unused-vars
152:14  Error: 'e' is defined but never used.  @typescript-eslint/no-unused-vars

./src/utils/authUpdateProbe.js
26:14  Error: 'e' is defined but never used.  @typescript-eslint/no-unused-vars
68:1  Warning: Assign object to a variable before exporting as module default  import/no-anonymous-default-export

info  - Need to disable some ESLint rules? Learn more here: https://nextjs.org/docs/app/api-reference/config/eslint#disabling-rules
